
Running 15 tests using 1 worker

  鉁?  1 [chromium] 鈥?test_taskflow.spec.js:14:3 鈥?TaskFlow Pro 娴嬭瘯濂椾欢 鈥?TC-001 鍒濆鍖栭獙璇?(920ms)
  鉁?  2 [chromium] 鈥?test_taskflow.spec.js:33:3 鈥?TaskFlow Pro 娴嬭瘯濂椾欢 鈥?TC-002 鏂板缓浠诲姟 (1.4s)
  鉁?  3 [chromium] 鈥?test_taskflow.spec.js:84:3 鈥?TaskFlow Pro 娴嬭瘯濂椾欢 鈥?TC-003 缂栬緫浠诲姟 (981ms)
  鉁?  4 [chromium] 鈥?test_taskflow.spec.js:110:3 鈥?TaskFlow Pro 娴嬭瘯濂椾欢 鈥?TC-004 鍒犻櫎浠诲姟 (1.2s)
  鉁?  5 [chromium] 鈥?test_taskflow.spec.js:133:3 鈥?TaskFlow Pro 娴嬭瘯濂椾欢 鈥?TC-005 鎷栨嫿鎺掑簭 (1.5s)
  鉁?  6 [chromium] 鈥?test_taskflow.spec.js:160:3 鈥?TaskFlow Pro 娴嬭瘯濂椾欢 鈥?TC-006 鎼滅储杩囨护 (1.4s)
  鉁?  7 [chromium] 鈥?test_taskflow.spec.js:189:3 鈥?TaskFlow Pro 娴嬭瘯濂椾欢 鈥?TC-007 鏁版嵁鎸佷箙鍖?(1.5s)
  鉁?  8 [chromium] 鈥?test_taskflow.spec.js:205:3 鈥?TaskFlow Pro 娴嬭瘯濂椾欢 鈥?TC-008 鎾ら攢鎿嶄綔 (1.5s)
  鉁?  9 [chromium] 鈥?test_taskflow.spec.js:231:3 鈥?TaskFlow Pro 娴嬭瘯濂椾欢 鈥?TC-009 瀛愪换鍔¤繘搴?(1.6s)
  鉁? 10 [chromium] 鈥?test_taskflow.spec.js:258:3 鈥?TaskFlow Pro 娴嬭瘯濂椾欢 鈥?TC-010 璁℃椂鍣?(3.5s)
  鉁? 11 [chromium] 鈥?test_taskflow.spec.js:285:3 鈥?TaskFlow Pro 娴嬭瘯濂椾欢 鈥?TC-011 瀵煎嚭/瀵煎叆 (943ms)
  鉁? 12 [chromium] 鈥?test_taskflow.spec.js:309:3 鈥?TaskFlow Pro 娴嬭瘯濂椾欢 鈥?TC-012 澶嶅埗浠诲姟 (1.2s)
  鉁? 13 [chromium] 鈥?test_taskflow.spec.js:330:3 鈥?TaskFlow Pro 娴嬭瘯濂椾欢 鈥?TC-013 蹇嵎閿?(2.2s)
  鉁? 14 [chromium] 鈥?test_taskflow.spec.js:363:3 鈥?TaskFlow Pro 娴嬭瘯濂椾欢 鈥?TC-014 杈圭晫娴嬭瘯 (5.6s)
  鉁? 15 [chromium] 鈥?test_taskflow.spec.js:405:3 鈥?TaskFlow Pro 娴嬭瘯濂椾欢 鈥?TC-015 UI涓€鑷存€?(896ms)

  15 passed (27.7s)
